Archive member included to satisfy reference by file (symbol)

c:/st/stm32cubeide_1.3.0/stm32cubeide/plugins/com.st.stm32cube.ide.mcu.externaltools.gnu-tools-for-stm32.9-2020-q2-update.win32_1.5.0.202011040924/tools/bin/../lib/gcc/arm-none-eabi/9.3.1/../../../../arm-none-eabi/lib/thumb/v7-m/nofp\libstdc++_nano.a(pure.o)
                              Core/Src/Adafruit_GFX.o (__cxa_pure_virtual)
c:/st/stm32cubeide_1.3.0/stm32cubeide/plugins/com.st.stm32cube.ide.mcu.externaltools.gnu-tools-for-stm32.9-2020-q2-update.win32_1.5.0.202011040924/tools/bin/../lib/gcc/arm-none-eabi/9.3.1/../../../../arm-none-eabi/lib/thumb/v7-m/nofp\libstdc++_nano.a(eh_terminate.o)
                              c:/st/stm32cubeide_1.3.0/stm32cubeide/plugins/com.st.stm32cube.ide.mcu.externaltools.gnu-tools-for-stm32.9-2020-q2-update.win32_1.5.0.202011040924/tools/bin/../lib/gcc/arm-none-eabi/9.3.1/../../../../arm-none-eabi/lib/thumb/v7-m/nofp\libstdc++_nano.a(pure.o) (std::terminate())
c:/st/stm32cubeide_1.3.0/stm32cubeide/plugins/com.st.stm32cube.ide.mcu.externaltools.gnu-tools-for-stm32.9-2020-q2-update.win32_1.5.0.202011040924/tools/bin/../lib/gcc/arm-none-eabi/9.3.1/../../../../arm-none-eabi/lib/thumb/v7-m/nofp\libstdc++_nano.a(eh_unex_handler.o)
                              c:/st/stm32cubeide_1.3.0/stm32cubeide/plugins/com.st.stm32cube.ide.mcu.externaltools.gnu-tools-for-stm32.9-2020-q2-update.win32_1.5.0.202011040924/tools/bin/../lib/gcc/arm-none-eabi/9.3.1/../../../../arm-none-eabi/lib/thumb/v7-m/nofp\libstdc++_nano.a(eh_terminate.o) (__cxxabiv1::__unexpected_handler)
c:/st/stm32cubeide_1.3.0/stm32cubeide/plugins/com.st.stm32cube.ide.mcu.externaltools.gnu-tools-for-stm32.9-2020-q2-update.win32_1.5.0.202011040924/tools/bin/../lib/gcc/arm-none-eabi/9.3.1/../../../../arm-none-eabi/lib/thumb/v7-m/nofp\libstdc++_nano.a(eh_term_handler.o)
                              c:/st/stm32cubeide_1.3.0/stm32cubeide/plugins/com.st.stm32cube.ide.mcu.externaltools.gnu-tools-for-stm32.9-2020-q2-update.win32_1.5.0.202011040924/tools/bin/../lib/gcc/arm-none-eabi/9.3.1/../../../../arm-none-eabi/lib/thumb/v7-m/nofp\libstdc++_nano.a(eh_terminate.o) (__cxxabiv1::__terminate_handler)
c:/st/stm32cubeide_1.3.0/stm32cubeide/plugins/com.st.stm32cube.ide.mcu.externaltools.gnu-tools-for-stm32.9-2020-q2-update.win32_1.5.0.202011040924/tools/bin/../lib/gcc/arm-none-eabi/9.3.1/../../../../arm-none-eabi/lib/thumb/v7-m/nofp\libc_nano.a(lib_a-abort.o)
                              c:/st/stm32cubeide_1.3.0/stm32cubeide/plugins/com.st.stm32cube.ide.mcu.externaltools.gnu-tools-for-stm32.9-2020-q2-update.win32_1.5.0.202011040924/tools/bin/../lib/gcc/arm-none-eabi/9.3.1/../../../../arm-none-eabi/lib/thumb/v7-m/nofp\libstdc++_nano.a(eh_terminate.o) (abort)
c:/st/stm32cubeide_1.3.0/stm32cubeide/plugins/com.st.stm32cube.ide.mcu.externaltools.gnu-tools-for-stm32.9-2020-q2-update.win32_1.5.0.202011040924/tools/bin/../lib/gcc/arm-none-eabi/9.3.1/../../../../arm-none-eabi/lib/thumb/v7-m/nofp\libc_nano.a(lib_a-errno.o)
                              Core/Src/syscalls.o (__errno)
c:/st/stm32cubeide_1.3.0/stm32cubeide/plugins/com.st.stm32cube.ide.mcu.externaltools.gnu-tools-for-stm32.9-2020-q2-update.win32_1.5.0.202011040924/tools/bin/../lib/gcc/arm-none-eabi/9.3.1/../../../../arm-none-eabi/lib/thumb/v7-m/nofp\libc_nano.a(lib_a-exit.o)
                              c:/st/stm32cubeide_1.3.0/stm32cubeide/plugins/com.st.stm32cube.ide.mcu.externaltools.gnu-tools-for-stm32.9-2020-q2-update.win32_1.5.0.202011040924/tools/bin/../lib/gcc/arm-none-eabi/9.3.1/../../../../arm-none-eabi/lib/thumb/v7-m/nofp/crt0.o (exit)
c:/st/stm32cubeide_1.3.0/stm32cubeide/plugins/com.st.stm32cube.ide.mcu.externaltools.gnu-tools-for-stm32.9-2020-q2-update.win32_1.5.0.202011040924/tools/bin/../lib/gcc/arm-none-eabi/9.3.1/../../../../arm-none-eabi/lib/thumb/v7-m/nofp\libc_nano.a(lib_a-impure.o)
                              c:/st/stm32cubeide_1.3.0/stm32cubeide/plugins/com.st.stm32cube.ide.mcu.externaltools.gnu-tools-for-stm32.9-2020-q2-update.win32_1.5.0.202011040924/tools/bin/../lib/gcc/arm-none-eabi/9.3.1/../../../../arm-none-eabi/lib/thumb/v7-m/nofp\libc_nano.a(lib_a-exit.o) (_global_impure_ptr)
c:/st/stm32cubeide_1.3.0/stm32cubeide/plugins/com.st.stm32cube.ide.mcu.externaltools.gnu-tools-for-stm32.9-2020-q2-update.win32_1.5.0.202011040924/tools/bin/../lib/gcc/arm-none-eabi/9.3.1/../../../../arm-none-eabi/lib/thumb/v7-m/nofp\libc_nano.a(lib_a-init.o)
                              c:/st/stm32cubeide_1.3.0/stm32cubeide/plugins/com.st.stm32cube.ide.mcu.externaltools.gnu-tools-for-stm32.9-2020-q2-update.win32_1.5.0.202011040924/tools/bin/../lib/gcc/arm-none-eabi/9.3.1/../../../../arm-none-eabi/lib/thumb/v7-m/nofp/crt0.o (__libc_init_array)
c:/st/stm32cubeide_1.3.0/stm32cubeide/plugins/com.st.stm32cube.ide.mcu.externaltools.gnu-tools-for-stm32.9-2020-q2-update.win32_1.5.0.202011040924/tools/bin/../lib/gcc/arm-none-eabi/9.3.1/../../../../arm-none-eabi/lib/thumb/v7-m/nofp\libc_nano.a(lib_a-memset.o)
[...]
Memory Configuration

Name             Origin             Length             Attributes
RAM              0x0000000020000000 0x0000000000005000 xrw
FLASH            0x0000000008000000 0x0000000000010000 xr
*default*        0x0000000000000000 0xffffffffffffffff

Linker script and memory map

LOAD c:/st/stm32cubeide_1.3.0/stm32cubeide/plugins/com.st.stm32cube.ide.mcu.externaltools.gnu-tools-for-stm32.9-2020-q2-update.win32_1.5.0.202011040924/tools/bin/../lib/gcc/arm-none-eabi/9.3.1/thumb/v7-m/nofp/crti.o
LOAD c:/st/stm32cubeide_1.3.0/stm32cubeide/plugins/com.st.stm32cube.ide.mcu.externaltools.gnu-tools-for-stm32.9-2020-q2-update.win32_1.5.0.202011040924/tools/bin/../lib/gcc/arm-none-eabi/9.3.1/thumb/v7-m/nofp/crtbegin.o
LOAD c:/st/stm32cubeide_1.3.0/stm32cubeide/plugins/com.st.stm32cube.ide.mcu.externaltools.gnu-tools-for-stm32.9-2020-q2-update.win32_1.5.0.202011040924/tools/bin/../lib/gcc/arm-none-eabi/9.3.1/../../../../arm-none-eabi/lib/thumb/v7-m/nofp/crt0.o
LOAD Core/Src/Adafruit_GFX.o
LOAD Core/Src/Adafruit_SSD1306.o
LOAD Core/Src/gpio.o
LOAD Core/Src/i2c.o
LOAD Core/Src/main.o
LOAD Core/Src/stm32f1xx_hal_msp.o
LOAD Core/Src/stm32f1xx_it.o
LOAD Core/Src/syscalls.o
LOAD Core/Src/sysmem.o
LOAD Core/Src/system_stm32f1xx.o
LOAD Core/Startup/startup_stm32f103c8tx.o
LOAD Drivers/STM32F1xx_HAL_Driver/Src/stm32f1xx_hal.o
LOAD Drivers/STM32F1xx_HAL_Driver/Src/stm32f1xx_hal_cortex.o
LOAD Drivers/STM32F1xx_HAL_Driver/Src/stm32f1xx_hal_dma.o
LOAD Drivers/STM32F1xx_HAL_Driver/Src/stm32f1xx_hal_exti.o
LOAD Drivers/STM32F1xx_HAL_Driver/Src/stm32f1xx_hal_flash.o
LOAD Drivers/STM32F1xx_HAL_Driver/Src/stm32f1xx_hal_flash_ex.o
LOAD Drivers/STM32F1xx_HAL_Driver/Src/stm32f1xx_hal_gpio.o
LOAD Drivers/STM32F1xx_HAL_Driver/Src/stm32f1xx_hal_gpio_ex.o
LOAD Drivers/STM32F1xx_HAL_Driver/Src/stm32f1xx_hal_i2c.o
LOAD Drivers/STM32F1xx_HAL_Driver/Src/stm32f1xx_hal_pwr.o
LOAD Drivers/STM32F1xx_HAL_Driver/Src/stm32f1xx_hal_rcc.o
LOAD Drivers/STM32F1xx_HAL_Driver/Src/stm32f1xx_hal_rcc_ex.o
LOAD Drivers/STM32F1xx_HAL_Driver/Src/stm32f1xx_hal_tim.o
LOAD Drivers/STM32F1xx_HAL_Driver/Src/stm32f1xx_hal_tim_ex.o
START GROUP
LOAD c:/st/stm32cubeide_1.3.0/stm32cubeide/plugins/com.st.stm32cube.ide.mcu.externaltools.gnu-tools-for-stm32.9-2020-q2-update.win32_1.5.0.202011040924/tools/bin/../lib/gcc/arm-none-eabi/9.3.1/../../../../arm-none-eabi/lib/thumb/v7-m/nofp\libstdc++_nano.a
LOAD c:/st/stm32cubeide_1.3.0/stm32cubeide/plugins/com.st.stm32cube.ide.mcu.externaltools.gnu-tools-for-stm32.9-2020-q2-update.win32_1.5.0.202011040924/tools/bin/../lib/gcc/arm-none-eabi/9.3.1/../../../../arm-none-eabi/lib/thumb/v7-m/nofp\libsupc++_nano.a
END GROUP
LOAD c:/st/stm32cubeide_1.3.0/stm32cubeide/plugins/com.st.stm32cube.ide.mcu.externaltools.gnu-tools-for-stm32.9-2020-q2-update.win32_1.5.0.202011040924/tools/bin/../lib/gcc/arm-none-eabi/9.3.1/../../../../arm-none-eabi/lib/thumb/v7-m/nofp\libstdc++_nano.a
LOAD c:/st/stm32cubeide_1.3.0/stm32cubeide/plugins/com.st.stm32cube.ide.mcu.externaltools.gnu-tools-for-stm32.9-2020-q2-update.win32_1.5.0.202011040924/tools/bin/../lib/gcc/arm-none-eabi/9.3.1/../../../../arm-none-eabi/lib/thumb/v7-m/nofp\libm.a
LOAD c:/st/stm32cubeide_1.3.0/stm32cubeide/plugins/com.st.stm32cube.ide.mcu.externaltools.gnu-tools-for-stm32.9-2020-q2-update.win32_1.5.0.202011040924/tools/bin/../lib/gcc/arm-none-eabi/9.3.1/../../../../arm-none-eabi/lib/thumb/v7-m/nofp\libc_nano.a
START GROUP
LOAD c:/st/stm32cubeide_1.3.0/stm32cubeide/plugins/com.st.stm32cube.ide.mcu.externaltools.gnu-tools-for-stm32.9-2020-q2-update.win32_1.5.0.202011040924/tools/bin/../lib/gcc/arm-none-eabi/9.3.1/thumb/v7-m/nofp\libgcc.a
LOAD c:/st/stm32cubeide_1.3.0/stm32cubeide/plugins/com.st.stm32cube.ide.mcu.externaltools.gnu-tools-for-stm32.9-2020-q2-update.win32_1.5.0.202011040924/tools/bin/../lib/gcc/arm-none-eabi/9.3.1/../../../../arm-none-eabi/lib/thumb/v7-m/nofp\libc_nano.a
END GROUP
START GROUP
LOAD c:/st/stm32cubeide_1.3.0/stm32cubeide/plugins/com.st.stm32cube.ide.mcu.externaltools.gnu-tools-for-stm32.9-2020-q2-update.win32_1.5.0.202011040924/tools/bin/../lib/gcc/arm-none-eabi/9.3.1/thumb/v7-m/nofp\libgcc.a
LOAD c:/st/stm32cubeide_1.3.0/stm32cubeide/plugins/com.st.stm32cube.ide.mcu.externaltools.gnu-tools-for-stm32.9-2020-q2-update.win32_1.5.0.202011040924/tools/bin/../lib/gcc/arm-none-eabi/9.3.1/../../../../arm-none-eabi/lib/thumb/v7-m/nofp\libc_nano.a
LOAD c:/st/stm32cubeide_1.3.0/stm32cubeide/plugins/com.st.stm32cube.ide.mcu.externaltools.gnu-tools-for-stm32.9-2020-q2-update.win32_1.5.0.202011040924/tools/bin/../lib/gcc/arm-none-eabi/9.3.1/../../../../arm-none-eabi/lib/thumb/v7-m/nofp\libnosys.a
END GROUP
START GROUP
LOAD c:/st/stm32cubeide_1.3.0/stm32cubeide/plugins/com.st.stm32cube.ide.mcu.externaltools.gnu-tools-for-stm32.9-2020-q2-update.win32_1.5.0.202011040924/tools/bin/../lib/gcc/arm-none-eabi/9.3.1/thumb/v7-m/nofp\libgcc.a
LOAD c:/st/stm32cubeide_1.3.0/stm32cubeide/plugins/com.st.stm32cube.ide.mcu.externaltools.gnu-tools-for-stm32.9-2020-q2-update.win32_1.5.0.202011040924/tools/bin/../lib/gcc/arm-none-eabi/9.3.1/../../../../arm-none-eabi/lib/thumb/v7-m/nofp\libc_nano.a
LOAD c:/st/stm32cubeide_1.3.0/stm32cubeide/plugins/com.st.stm32cube.ide.mcu.externaltools.gnu-tools-for-stm32.9-2020-q2-update.win32_1.5.0.202011040924/tools/bin/../lib/gcc/arm-none-eabi/9.3.1/../../../../arm-none-eabi/lib/thumb/v7-m/nofp\libnosys.a
END GROUP
LOAD c:/st/stm32cubeide_1.3.0/stm32cubeide/plugins/com.st.stm32cube.ide.mcu.externaltools.gnu-tools-for-stm32.9-2020-q2-update.win32_1.5.0.202011040924/tools/bin/../lib/gcc/arm-none-eabi/9.3.1/thumb/v7-m/nofp/crtend.o
LOAD c:/st/stm32cubeide_1.3.0/stm32cubeide/plugins/com.st.stm32cube.ide.mcu.externaltools.gnu-tools-for-stm32.9-2020-q2-update.win32_1.5.0.202011040924/tools/bin/../lib/gcc/arm-none-eabi/9.3.1/thumb/v7-m/nofp/crtn.o
                0x0000000020005000                _estack = (ORIGIN (RAM) + LENGTH (RAM))
                0x0000000000000200                _Min_Heap_Size = 0x200
                0x0000000000000400                _Min_Stack_Size = 0x400

.isr_vector     0x0000000008000000      0x10c
                0x0000000008000000                . = ALIGN (0x4)
 *(.isr_vector)
 .isr_vector    0x0000000008000000      0x10c Core/Startup/startup_stm32f103c8tx.o
                0x0000000008000000                g_pfnVectors
                0x000000000800010c                . = ALIGN (0x4)

.text           0x000000000800010c     0x2f40
                0x000000000800010c                . = ALIGN (0x4)
 *(.text)
 .text          0x000000000800010c       0x40 c:/st/stm32cubeide_1.3.0/stm32cubeide/plugins/com.st.stm32cube.ide.mcu.externaltools.gnu-tools-for-stm32.9-2020-q2-update.win32_1.5.0.202011040924/tools/bin/../lib/gcc/arm-none-eabi/9.3.1/thumb/v7-m/nofp/crtbegin.o
 *(.text*)
 .text._ZN12Adafruit_GFXC2Ess
                0x000000000800014c       0x78 Core/Src/Adafruit_GFX.o
                0x000000000800014c                Adafruit_GFX::Adafruit_GFX(short, short)
                0x000000000800014c                Adafruit_GFX::Adafruit_GFX(short, short)
 .text._ZN12Adafruit_GFX8drawLineEsssst
                0x00000000080001c4      0x146 Core/Src/Adafruit_GFX.o
                0x00000000080001c4                Adafruit_GFX::drawLine(short, short, short, short, unsigned short)
 .text._ZN12Adafruit_GFX8drawRectEsssst
                0x000000000800030a       0xae Core/Src/Adafruit_GFX.o
                0x000000000800030a                Adafruit_GFX::drawRect(short, short, short, short, unsigned short)
 .text._ZN12Adafruit_GFX13drawFastVLineEssst
                0x00000000080003b8       0x52 Core/Src/Adafruit_GFX.o
                0x00000000080003b8                Adafruit_GFX::drawFastVLine(short, short, short, unsigned short)
 .text._ZN12Adafruit_GFX13drawFastHLineEssst
                0x000000000800040a       0x50 Core/Src/Adafruit_GFX.o
                0x000000000800040a                Adafruit_GFX::drawFastHLine(short, short, short, unsigned short)
 .text._ZN12Adafruit_GFX8fillRectEsssst
                0x000000000800045a       0x64 Core/Src/Adafruit_GFX.o
                0x000000000800045a                Adafruit_GFX::fillRect(short, short, short, short, unsigned short)
 .text._ZN12Adafruit_GFX10fillScreenEt
                0x00000000080004be       0x38 Core/Src/Adafruit_GFX.o
                0x00000000080004be                Adafruit_GFX::fillScreen(unsigned short)
 .text._ZN12Adafruit_GFX5writeEh
                0x00000000080004f6       0xe0 Core/Src/Adafruit_GFX.o
                0x00000000080004f6                Adafruit_GFX::write(unsigned char)
 *fill*         0x00000000080005d6        0x2 
 .text._ZN12Adafruit_GFX8drawCharEsshtth
                0x00000000080005d8      0x1f8 Core/Src/Adafruit_GFX.o
                0x00000000080005d8                Adafruit_GFX::drawChar(short, short, unsigned char, unsigned short, unsigned short, unsigned char)
 .text._ZNK12Adafruit_GFX11getRotationEv
                0x00000000080007d0       0x16 Core/Src/Adafruit_GFX.o
                0x00000000080007d0                Adafruit_GFX::getRotation() const
 .text._ZNK12Adafruit_GFX5widthEv
                0x00000000080007e6       0x18 Core/Src/Adafruit_GFX.o
                0x00000000080007e6                Adafruit_GFX::width() const
 .text._ZNK12Adafruit_GFX6heightEv
                0x00000000080007fe       0x18 Core/Src/Adafruit_GFX.o
                0x00000000080007fe                Adafruit_GFX::height() const
 *fill*         0x0000000008000816        0x2 
 .text._ZN16Adafruit_SSD13069drawPixelEsst
                0x0000000008000818      0x1d0 Core/Src/Adafruit_SSD1306.o
                0x0000000008000818                Adafruit_SSD1306::drawPixel(short, short, unsigned short)
 .text._ZN16Adafruit_SSD1306C2Ea
                0x00000000080009e8       0x58 Core/Src/Adafruit_SSD1306.o
                0x00000000080009e8                Adafruit_SSD1306::Adafruit_SSD1306(signed char)
                0x00000000080009e8                Adafruit_SSD1306::Adafruit_SSD1306(signed char)
 .text._ZN16Adafruit_SSD130612sh1106_beginEhhb
                0x0000000008000a40       0x98 Core/Src/Adafruit_SSD1306.o
                0x0000000008000a40                Adafruit_SSD1306::sh1106_begin(unsigned char, unsigned char, bool)
 .text._ZN16Adafruit_SSD130615ssd1306_commandEh
                0x0000000008000ad8       0x4c Core/Src/Adafruit_SSD1306.o
                0x0000000008000ad8                Adafruit_SSD1306::ssd1306_command(unsigned char)
 .text._ZN16Adafruit_SSD130611sh1106_dataEt
                0x0000000008000b24       0xd0 Core/Src/Adafruit_SSD1306.o
                0x0000000008000b24                Adafruit_SSD1306::sh1106_data(unsigned short)
 .text._ZN16Adafruit_SSD130614sh1106_displayEv
                0x0000000008000bf4       0x52 Core/Src/Adafruit_SSD1306.o
                0x0000000008000bf4                Adafruit_SSD1306::sh1106_display()
 *fill*         0x0000000008000c46        0x2 
 .text._ZN16Adafruit_SSD130613drawFastHLineEssst
                0x0000000008000c48      0x3dc Core/Src/Adafruit_SSD1306.o
                0x0000000008000c48                Adafruit_SSD1306::drawFastHLine(short, short, short, unsigned short)
 .text._ZN16Adafruit_SSD130613drawFastVLineEssst
                0x0000000008001024      0x3e0 Core/Src/Adafruit_SSD1306.o
                0x0000000008001024                Adafruit_SSD1306::drawFastVLine(short, short, short, unsigned short)
 .text.MX_GPIO_Init
                0x0000000008001404       0x98 Core/Src/gpio.o
                0x0000000008001404                MX_GPIO_Init
 .text.MX_I2C1_Init
                0x000000000800149c       0x5c Core/Src/i2c.o
                0x000000000800149c                MX_I2C1_Init
 .text.HAL_I2C_MspInit
                0x00000000080014f8       0x7c Core/Src/i2c.o
                0x00000000080014f8                HAL_I2C_MspInit
 .text.main     0x0000000008001574       0x88 Core/Src/main.o
                0x0000000008001574                main
 .text._Z18SystemClock_Configv
                0x00000000080015fc       0x9e Core/Src/main.o
                0x00000000080015fc                SystemClock_Config()
 .text.Error_Handler
                0x000000000800169a        0xa Core/Src/main.o
                0x000000000800169a                Error_Handler
 .text._Z41__static_initialization_and_destruction_0ii
                0x00000000080016a4       0x30 Core/Src/main.o
 .text._GLOBAL__sub_I_display
                0x00000000080016d4       0x10 Core/Src/main.o
 .text.HAL_MspInit
                0x00000000080016e4       0x64 Core/Src/stm32f1xx_hal_msp.o
                0x00000000080016e4                HAL_MspInit
 .text.NMI_Handler
                0x0000000008001748        0x6 Core/Src/stm32f1xx_it.o
                0x0000000008001748                NMI_Handler
 .text.HardFault_Handler
                0x000000000800174e        0x6 Core/Src/stm32f1xx_it.o
                0x000000000800174e                HardFault_Handler
 .text.MemManage_Handler
                0x0000000008001754        0x6 Core/Src/stm32f1xx_it.o
                0x0000000008001754                MemManage_Handler
 .text.BusFault_Handler
                0x000000000800175a        0x6 Core/Src/stm32f1xx_it.o
                0x000000000800175a                BusFault_Handler
 .text.UsageFault_Handler
                0x0000000008001760        0x6 Core/Src/stm32f1xx_it.o
                0x0000000008001760                UsageFault_Handler
 .text.SVC_Handler
                0x0000000008001766        0xc Core/Src/stm32f1xx_it.o
                0x0000000008001766                SVC_Handler
 .text.DebugMon_Handler
                0x0000000008001772        0xc Core/Src/stm32f1xx_it.o
                0x0000000008001772                DebugMon_Handler
 .text.PendSV_Handler
                0x000000000800177e        0xc Core/Src/stm32f1xx_it.o
                0x000000000800177e                PendSV_Handler
 .text.SysTick_Handler
                0x000000000800178a        0xc Core/Src/stm32f1xx_it.o
                0x000000000800178a                SysTick_Handler
 .text._getpid  0x0000000008001796        0xe Core/Src/syscalls.o
                0x0000000008001796                _getpid
 .text._kill    0x00000000080017a4       0x20 Core/Src/syscalls.o
                0x00000000080017a4                _kill
 .text._exit    0x00000000080017c4       0x14 Core/Src/syscalls.o
                0x00000000080017c4                _exit
 .text.SystemInit
                0x00000000080017d8        0xc Core/Src/system_stm32f1xx.o
                0x00000000080017d8                SystemInit
 .text.Reset_Handler
                0x00000000080017e4       0x48 Core/Startup/startup_stm32f103c8tx.o
                0x00000000080017e4                Reset_Handler
 .text.Default_Handler
                0x000000000800182c        0x2 Core/Startup/startup_stm32f103c8tx.o
                0x000000000800182c                RTC_Alarm_IRQHandler
                0x000000000800182c                EXTI2_IRQHandler
                0x000000000800182c                TIM1_CC_IRQHandler
                0x000000000800182c                PVD_IRQHandler
                0x000000000800182c                EXTI3_IRQHandler
                0x000000000800182c                EXTI0_IRQHandler
                0x000000000800182c                I2C2_EV_IRQHandler
                0x000000000800182c                ADC1_2_IRQHandler
                0x000000000800182c                SPI1_IRQHandler
                0x000000000800182c                TAMPER_IRQHandler
                0x000000000800182c                DMA1_Channel4_IRQHandler
                0x000000000800182c                USART3_IRQHandler
                0x000000000800182c                RTC_IRQHandler
                0x000000000800182c                DMA1_Channel7_IRQHandler
                0x000000000800182c                CAN1_RX1_IRQHandler
                0x000000000800182c                TIM4_IRQHandler
                0x000000000800182c                I2C1_EV_IRQHandler
                0x000000000800182c                DMA1_Channel6_IRQHandler
                0x000000000800182c                TIM3_IRQHandler
                0x000000000800182c                RCC_IRQHandler
                0x000000000800182c                TIM1_TRG_COM_IRQHandler
                0x000000000800182c                DMA1_Channel1_IRQHandler
                0x000000000800182c                Default_Handler
                0x000000000800182c                EXTI15_10_IRQHandler
                0x000000000800182c                EXTI9_5_IRQHandler
                0x000000000800182c                SPI2_IRQHandler
                0x000000000800182c                DMA1_Channel5_IRQHandler
                0x000000000800182c                EXTI4_IRQHandler
                0x000000000800182c                USB_LP_CAN1_RX0_IRQHandler
                0x000000000800182c                USB_HP_CAN1_TX_IRQHandler
                0x000000000800182c                DMA1_Channel3_IRQHandler
                0x000000000800182c                TIM1_UP_IRQHandler
                0x000000000800182c                WWDG_IRQHandler
                0x000000000800182c                TIM2_IRQHandler
                0x000000000800182c                TIM1_BRK_IRQHandler
                0x000000000800182c                EXTI1_IRQHandler
                0x000000000800182c                USART2_IRQHandler
                0x000000000800182c                I2C2_ER_IRQHandler
                0x000000000800182c                DMA1_Channel2_IRQHandler
                0x000000000800182c                CAN1_SCE_IRQHandler
                0x000000000800182c                FLASH_IRQHandler
                0x000000000800182c                USART1_IRQHandler
                0x000000000800182c                I2C1_ER_IRQHandler
                0x000000000800182c                USBWakeUp_IRQHandler
 *fill*         0x000000000800182e        0x2 
 .text.HAL_Init
                0x0000000008001830       0x2c Drivers/STM32F1xx_HAL_Driver/Src/stm32f1xx_hal.o
                0x0000000008001830                HAL_Init
 .text.HAL_InitTick
                0x000000000800185c       0x60 Drivers/STM32F1xx_HAL_Driver/Src/stm32f1xx_hal.o
                0x000000000800185c                HAL_InitTick
 .text.HAL_IncTick
                0x00000000080018bc       0x24 Drivers/STM32F1xx_HAL_Driver/Src/stm32f1xx_hal.o
                0x00000000080018bc                HAL_IncTick
 .text.HAL_GetTick
                0x00000000080018e0       0x14 Drivers/STM32F1xx_HAL_Driver/Src/stm32f1xx_hal.o
                0x00000000080018e0                HAL_GetTick
 .text.HAL_Delay
                0x00000000080018f4       0x48 Drivers/STM32F1xx_HAL_Driver/Src/stm32f1xx_hal.o
                0x00000000080018f4                HAL_Delay
 .text.__NVIC_SetPriorityGrouping
                0x000000000800193c       0x48 Drivers/STM32F1xx_HAL_Driver/Src/stm32f1xx_hal_cortex.o
 .text.__NVIC_GetPriorityGrouping
                0x0000000008001984       0x1c Drivers/STM32F1xx_HAL_Driver/Src/stm32f1xx_hal_cortex.o
 .text.__NVIC_SetPriority
                0x00000000080019a0       0x54 Drivers/STM32F1xx_HAL_Driver/Src/stm32f1xx_hal_cortex.o
 .text.NVIC_EncodePriority
                0x00000000080019f4       0x64 Drivers/STM32F1xx_HAL_Driver/Src/stm32f1xx_hal_cortex.o
 .text.SysTick_Config
                0x0000000008001a58       0x44 Drivers/STM32F1xx_HAL_Driver/Src/stm32f1xx_hal_cortex.o
 .text.HAL_NVIC_SetPriorityGrouping
                0x0000000008001a9c       0x16 Drivers/STM32F1xx_HAL_Driver/Src/stm32f1xx_hal_cortex.o
                0x0000000008001a9c                HAL_NVIC_SetPriorityGrouping
 .text.HAL_NVIC_SetPriority
                0x0000000008001ab2       0x38 Drivers/STM32F1xx_HAL_Driver/Src/stm32f1xx_hal_cortex.o
                0x0000000008001ab2                HAL_NVIC_SetPriority
 .text.HAL_SYSTICK_Config
                0x0000000008001aea       0x18 Drivers/STM32F1xx_HAL_Driver/Src/stm32f1xx_hal_cortex.o
                0x0000000008001aea                HAL_SYSTICK_Config
 *fill*         0x0000000008001b02        0x2 
 .text.HAL_GPIO_Init
                0x0000000008001b04      0x308 Drivers/STM32F1xx_HAL_Driver/Src/stm32f1xx_hal_gpio.o
                0x0000000008001b04                HAL_GPIO_Init
 .text.HAL_GPIO_WritePin
                0x0000000008001e0c       0x30 Drivers/STM32F1xx_HAL_Driver/Src/stm32f1xx_hal_gpio.o
                0x0000000008001e0c                HAL_GPIO_WritePin
 .text.HAL_GPIO_TogglePin
                0x0000000008001e3c       0x32 Drivers/STM32F1xx_HAL_Driver/Src/stm32f1xx_hal_gpio.o
                0x0000000008001e3c                HAL_GPIO_TogglePin
 *fill*         0x0000000008001e6e        0x2 
 .text.HAL_I2C_Init
                0x0000000008001e70      0x288 Drivers/STM32F1xx_HAL_Driver/Src/stm32f1xx_hal_i2c.o
                0x0000000008001e70                HAL_I2C_Init
 .text.HAL_I2C_Master_Transmit
                0x00000000080020f8      0x1fc Drivers/STM32F1xx_HAL_Driver/Src/stm32f1xx_hal_i2c.o
                0x00000000080020f8                HAL_I2C_Master_Transmit
 .text.I2C_MasterRequestWrite
                0x00000000080022f4      0x104 Drivers/STM32F1xx_HAL_Driver/Src/stm32f1xx_hal_i2c.o
 .text.I2C_WaitOnFlagUntilTimeout
                0x00000000080023f8       0xae Drivers/STM32F1xx_HAL_Driver/Src/stm32f1xx_hal_i2c.o
 .text.I2C_WaitOnMasterAddressFlagUntilTimeout
                0x00000000080024a6       0xfe Drivers/STM32F1xx_HAL_Driver/Src/stm32f1xx_hal_i2c.o
 .text.I2C_WaitOnTXEFlagUntilTimeout
                0x00000000080025a4       0x82 Drivers/STM32F1xx_HAL_Driver/Src/stm32f1xx_hal_i2c.o
 .text.I2C_WaitOnBTFFlagUntilTimeout
                0x0000000008002626       0x82 Drivers/STM32F1xx_HAL_Driver/Src/stm32f1xx_hal_i2c.o
 .text.I2C_IsAcknowledgeFailed
                0x00000000080026a8       0x5c Drivers/STM32F1xx_HAL_Driver/Src/stm32f1xx_hal_i2c.o
 .text.HAL_RCC_OscConfig
                0x0000000008002704      0x500 Drivers/STM32F1xx_HAL_Driver/Src/stm32f1xx_hal_rcc.o
                0x0000000008002704                HAL_RCC_OscConfig
 .text.HAL_RCC_ClockConfig
                0x0000000008002c04      0x1d4 Drivers/STM32F1xx_HAL_Driver/Src/stm32f1xx_hal_rcc.o
                0x0000000008002c04                HAL_RCC_ClockConfig
 .text.HAL_RCC_GetSysClockFreq
                0x0000000008002dd8       0xc0 Drivers/STM32F1xx_HAL_Driver/Src/stm32f1xx_hal_rcc.o
                0x0000000008002dd8                HAL_RCC_GetSysClockFreq
 .text.HAL_RCC_GetHCLKFreq
                0x0000000008002e98       0x14 Drivers/STM32F1xx_HAL_Driver/Src/stm32f1xx_hal_rcc.o
                0x0000000008002e98                HAL_RCC_GetHCLKFreq
 .text.HAL_RCC_GetPCLK1Freq
                0x0000000008002eac       0x28 Drivers/STM32F1xx_HAL_Driver/Src/stm32f1xx_hal_rcc.o
                0x0000000008002eac                HAL_RCC_GetPCLK1Freq
 .text.RCC_Delay
                0x0000000008002ed4       0x3c Drivers/STM32F1xx_HAL_Driver/Src/stm32f1xx_hal_rcc.o
 .text.__cxa_pure_virtual
                0x0000000008002f10        0x6 c:/st/stm32cubeide_1.3.0/stm32cubeide/plugins/com.st.stm32cube.ide.mcu.externaltools.gnu-tools-for-stm32.9-2020-q2-update.win32_1.5.0.202011040924/tools/bin/../lib/gcc/arm-none-eabi/9.3.1/../../../../arm-none-eabi/lib/thumb/v7-m/nofp\libstdc++_nano.a(pure.o)
                0x0000000008002f10                __cxa_pure_virtual
 .text._ZN10__cxxabiv111__terminateEPFvvE
                0x0000000008002f16        0x8 c:/st/stm32cubeide_1.3.0/stm32cubeide/plugins/com.st.stm32cube.ide.mcu.externaltools.gnu-tools-for-stm32.9-2020-q2-update.win32_1.5.0.202011040924/tools/bin/../lib/gcc/arm-none-eabi/9.3.1/../../../../arm-none-eabi/lib/thumb/v7-m/nofp\libstdc++_nano.a(eh_terminate.o)
                0x0000000008002f16                __cxxabiv1::__terminate(void (*)())
 *fill*         0x0000000008002f1e        0x2 
 .text._ZSt13get_terminatev
                0x0000000008002f20       0x10 c:/st/stm32cubeide_1.3.0/stm32cubeide/plugins/com.st.stm32cube.ide.mcu.externaltools.gnu-tools-for-stm32.9-2020-q2-update.win32_1.5.0.202011040924/tools/bin/../lib/gcc/arm-none-eabi/9.3.1/../../../../arm-none-eabi/lib/thumb/v7-m/nofp\libstdc++_nano.a(eh_terminate.o)
                0x0000000008002f20                std::get_terminate()
 .text._ZSt9terminatev
                0x0000000008002f30        0xa c:/st/stm32cubeide_1.3.0/stm32cubeide/plugins/com.st.stm32cube.ide.mcu.externaltools.gnu-tools-for-stm32.9-2020-q2-update.win32_1.5.0.202011040924/tools/bin/../lib/gcc/arm-none-eabi/9.3.1/../../../../arm-none-eabi/lib/thumb/v7-m/nofp\libstdc++_nano.a(eh_terminate.o)
                0x0000000008002f30                std::terminate()
 .text.abort    0x0000000008002f3a        0xe c:/st/stm32cubeide_1.3.0/stm32cubeide/plugins/com.st.stm32cube.ide.mcu.externaltools.gnu-tools-for-stm32.9-2020-q2-update.win32_1.5.0.202011040924/tools/bin/../lib/gcc/arm-none-eabi/9.3.1/../../../../arm-none-eabi/lib/thumb/v7-m/nofp\libc_nano.a(lib_a-abort.o)
                0x0000000008002f3a                abort
 .text.__errno  0x0000000008002f48        0xc c:/st/stm32cubeide_1.3.0/stm32cubeide/plugins/com.st.stm32cube.ide.mcu.externaltools.gnu-tools-for-stm32.9-2020-q2-update.win32_1.5.0.202011040924/tools/bin/../lib/gcc/arm-none-eabi/9.3.1/../../../../arm-none-eabi/lib/thumb/v7-m/nofp\libc_nano.a(lib_a-errno.o)
                0x0000000008002f48                __errno
 .text.__libc_init_array
                0x0000000008002f54       0x48 c:/st/stm32cubeide_1.3.0/stm32cubeide/plugins/com.st.stm32cube.ide.mcu.externaltools.gnu-tools-for-stm32.9-2020-q2-update.win32_1.5.0.202011040924/tools/bin/../lib/gcc/arm-none-eabi/9.3.1/../../../../arm-none-eabi/lib/thumb/v7-m/nofp\libc_nano.a(lib_a-init.o)
                0x0000000008002f54                __libc_init_array
 .text.memset   0x0000000008002f9c       0x10 c:/st/stm32cubeide_1.3.0/stm32cubeide/plugins/com.st.stm32cube.ide.mcu.externaltools.gnu-tools-for-stm32.9-2020-q2-update.win32_1.5.0.202011040924/tools/bin/../lib/gcc/arm-none-eabi/9.3.1/../../../../arm-none-eabi/lib/thumb/v7-m/nofp\libc_nano.a(lib_a-memset.o)
                0x0000000008002f9c                memset
 .text._raise_r
                0x0000000008002fac       0x50 c:/st/stm32cubeide_1.3.0/stm32cubeide/plugins/com.st.stm32cube.ide.mcu.externaltools.gnu-tools-for-stm32.9-2020-q2-update.win32_1.5.0.202011040924/tools/bin/../lib/gcc/arm-none-eabi/9.3.1/../../../../arm-none-eabi/lib/thumb/v7-m/nofp\libc_nano.a(lib_a-signal.o)
                0x0000000008002fac                _raise_r
 .text.raise    0x0000000008002ffc       0x10 c:/st/stm32cubeide_1.3.0/stm32cubeide/plugins/com.st.stm32cube.ide.mcu.externaltools.gnu-tools-for-stm32.9-2020-q2-update.win32_1.5.0.202011040924/tools/bin/../lib/gcc/arm-none-eabi/9.3.1/../../../../arm-none-eabi/lib/thumb/v7-m/nofp\libc_nano.a(lib_a-signal.o)
                0x0000000008002ffc                raise
 .text._kill_r  0x000000000800300c       0x24 c:/st/stm32cubeide_1.3.0/stm32cubeide/plugins/com.st.stm32cube.ide.mcu.externaltools.gnu-tools-for-stm32.9-2020-q2-update.win32_1.5.0.202011040924/tools/bin/../lib/gcc/arm-none-eabi/9.3.1/../../../../arm-none-eabi/lib/thumb/v7-m/nofp\libc_nano.a(lib_a-signalr.o)
                0x000000000800300c                _kill_r
 .text._getpid_r
                0x0000000008003030        0x4 c:/st/stm32cubeide_1.3.0/stm32cubeide/plugins/com.st.stm32cube.ide.mcu.externaltools.gnu-tools-for-stm32.9-2020-q2-update.win32_1.5.0.202011040924/tools/bin/../lib/gcc/arm-none-eabi/9.3.1/../../../../arm-none-eabi/lib/thumb/v7-m/nofp\libc_nano.a(lib_a-signalr.o)
                0x0000000008003030                _getpid_r
 *(.glue_7)
 .glue_7        0x0000000008003034        0x0 linker stubs
 *(.glue_7t)
 .glue_7t       0x0000000008003034        0x0 linker stubs
 *(.eh_frame)
 .eh_frame      0x0000000008003034        0x0 c:/st/stm32cubeide_1.3.0/stm32cubeide/plugins/com.st.stm32cube.ide.mcu.externaltools.gnu-tools-for-stm32.9-2020-q2-update.win32_1.5.0.202011040924/tools/bin/../lib/gcc/arm-none-eabi/9.3.1/thumb/v7-m/nofp/crtbegin.o
 *(.init)
 .init          0x0000000008003034        0x4 c:/st/stm32cubeide_1.3.0/stm32cubeide/plugins/com.st.stm32cube.ide.mcu.externaltools.gnu-tools-for-stm32.9-2020-q2-update.win32_1.5.0.202011040924/tools/bin/../lib/gcc/arm-none-eabi/9.3.1/thumb/v7-m/nofp/crti.o
                0x0000000008003034                _init
 .init          0x0000000008003038        0x8 c:/st/stm32cubeide_1.3.0/stm32cubeide/plugins/com.st.stm32cube.ide.mcu.externaltools.gnu-tools-for-stm32.9-2020-q2-update.win32_1.5.0.202011040924/tools/bin/../lib/gcc/arm-none-eabi/9.3.1/thumb/v7-m/nofp/crtn.o
 *(.fini)
 .fini          0x0000000008003040        0x4 c:/st/stm32cubeide_1.3.0/stm32cubeide/plugins/com.st.stm32cube.ide.mcu.externaltools.gnu-tools-for-stm32.9-2020-q2-update.win32_1.5.0.202011040924/tools/bin/../lib/gcc/arm-none-eabi/9.3.1/thumb/v7-m/nofp/crti.o
                0x0000000008003040                _fini
 .fini          0x0000000008003044        0x8 c:/st/stm32cubeide_1.3.0/stm32cubeide/plugins/com.st.stm32cube.ide.mcu.externaltools.gnu-tools-for-stm32.9-2020-q2-update.win32_1.5.0.202011040924/tools/bin/../lib/gcc/arm-none-eabi/9.3.1/thumb/v7-m/nofp/crtn.o
                0x000000000800304c                . = ALIGN (0x4)
                0x000000000800304c                _etext = .

.vfp11_veneer   0x000000000800304c        0x0
 .vfp11_veneer  0x000000000800304c        0x0 linker stubs

.v4_bx          0x000000000800304c        0x0
 .v4_bx         0x000000000800304c        0x0 linker stubs

.iplt           0x000000000800304c        0x0
 .iplt          0x000000000800304c        0x0 c:/st/stm32cubeide_1.3.0/stm32cubeide/plugins/com.st.stm32cube.ide.mcu.externaltools.gnu-tools-for-stm32.9-2020-q2-update.win32_1.5.0.202011040924/tools/bin/../lib/gcc/arm-none-eabi/9.3.1/thumb/v7-m/nofp/crtbegin.o

.rodata         0x000000000800304c      0x578
                0x000000000800304c                . = ALIGN (0x4)
 *(.rodata)
 .rodata        0x000000000800304c        0x3 Core/Src/Adafruit_SSD1306.o
 *fill*         0x000000000800304f        0x1 
 .rodata        0x0000000008003050       0x10 Drivers/STM32F1xx_HAL_Driver/Src/stm32f1xx_hal_rcc.o
 *(.rodata*)
 .rodata._ZL8FONT_5x7
                0x0000000008003060      0x4fb Core/Src/Adafruit_GFX.o
 *fill*         0x000000000800355b        0x1 
 .rodata._ZTV12Adafruit_GFX
                0x000000000800355c       0x28 Core/Src/Adafruit_GFX.o
                0x000000000800355c                vtable for Adafruit_GFX
 .rodata._ZTV16Adafruit_SSD1306
                0x0000000008003584       0x28 Core/Src/Adafruit_SSD1306.o
                0x0000000008003584                vtable for Adafruit_SSD1306
 .rodata.AHBPrescTable
                0x00000000080035ac       0x10 Core/Src/system_stm32f1xx.o
                0x00000000080035ac                AHBPrescTable
 .rodata.APBPrescTable
                0x00000000080035bc        0x8 Core/Src/system_stm32f1xx.o
                0x00000000080035bc                APBPrescTable
                0x00000000080035c4                . = ALIGN (0x4)

.rel.dyn        0x00000000080035c4        0x0
 .rel.iplt      0x00000000080035c4        0x0 c:/st/stm32cubeide_1.3.0/stm32cubeide/plugins/com.st.stm32cube.ide.mcu.externaltools.gnu-tools-for-stm32.9-2020-q2-update.win32_1.5.0.202011040924/tools/bin/../lib/gcc/arm-none-eabi/9.3.1/thumb/v7-m/nofp/crtbegin.o

.ARM.extab      0x00000000080035c4        0x0
                0x00000000080035c4                . = ALIGN (0x4)
 *(.ARM.extab* .gnu.linkonce.armextab.*)
                0x00000000080035c4                . = ALIGN (0x4)

.ARM            0x00000000080035c4        0x0
                0x00000000080035c4                . = ALIGN (0x4)
                0x00000000080035c4                __exidx_start = .
 *(.ARM.exidx*)
                0x00000000080035c4                __exidx_end = .
                0x00000000080035c4                . = ALIGN (0x4)

.preinit_array  0x00000000080035c4        0x0
                0x00000000080035c4                . = ALIGN (0x4)
                0x00000000080035c4                PROVIDE (__preinit_array_start = .)
 *(.preinit_array*)
                0x00000000080035c4                PROVIDE (__preinit_array_end = .)
                0x00000000080035c4                . = ALIGN (0x4)

.init_array     0x00000000080035c4        0x8
                0x00000000080035c4                . = ALIGN (0x4)
                0x00000000080035c4                PROVIDE (__init_array_start = .)
 *(SORT_BY_NAME(.init_array.*))
 *(.init_array*)
 .init_array    0x00000000080035c4        0x4 c:/st/stm32cubeide_1.3.0/stm32cubeide/plugins/com.st.stm32cube.ide.mcu.externaltools.gnu-tools-for-stm32.9-2020-q2-update.win32_1.5.0.202011040924/tools/bin/../lib/gcc/arm-none-eabi/9.3.1/thumb/v7-m/nofp/crtbegin.o
 .init_array    0x00000000080035c8        0x4 Core/Src/main.o
                0x00000000080035cc                PROVIDE (__init_array_end = .)
                0x00000000080035cc                . = ALIGN (0x4)

.fini_array     0x00000000080035cc        0x4
                0x00000000080035cc                . = ALIGN (0x4)
                [!provide]                        PROVIDE (__fini_array_start = .)
 *(SORT_BY_NAME(.fini_array.*))
 *(.fini_array*)
 .fini_array    0x00000000080035cc        0x4 c:/st/stm32cubeide_1.3.0/stm32cubeide/plugins/com.st.stm32cube.ide.mcu.externaltools.gnu-tools-for-stm32.9-2020-q2-update.win32_1.5.0.202011040924/tools/bin/../lib/gcc/arm-none-eabi/9.3.1/thumb/v7-m/nofp/crtbegin.o
                [!provide]                        PROVIDE (__fini_array_end = .)
                0x00000000080035d0                . = ALIGN (0x4)
                0x00000000080035d0                _sidata = LOADADDR (.data)

.data           0x0000000020000000      0x708 load address 0x00000000080035d0
                0x0000000020000000                . = ALIGN (0x4)
                0x0000000020000000                _sdata = .
 *(.data)
 *(.data*)
 .data.Buffer_DATA_1106
                0x0000000020000000       0x81 Core/Src/Adafruit_SSD1306.o
                0x0000000020000000                Buffer_DATA_1106
 *fill*         0x0000000020000081        0x3 
 .data._ZL6buffer
                0x0000000020000084      0x200 Core/Src/Adafruit_SSD1306.o
 .data._ZL13buffer_sh1106
                0x0000000020000284      0x400 Core/Src/Adafruit_SSD1306.o
 .data._ZZN16Adafruit_SSD130621drawFastVLineInternalEssstE7premask
                0x0000000020000684        0x8 Core/Src/Adafruit_SSD1306.o
                0x0000000020000684                Adafruit_SSD1306::drawFastVLineInternal(short, short, short, unsigned short)::premask
 .data._ZZN16Adafruit_SSD130621drawFastVLineInternalEssstE8postmask
                0x000000002000068c        0x8 Core/Src/Adafruit_SSD1306.o
                0x000000002000068c                Adafruit_SSD1306::drawFastVLineInternal(short, short, short, unsigned short)::postmask
 .data.SystemCoreClock
                0x0000000020000694        0x4 Core/Src/system_stm32f1xx.o
                0x0000000020000694                SystemCoreClock
 .data.uwTickPrio
                0x0000000020000698        0x4 Drivers/STM32F1xx_HAL_Driver/Src/stm32f1xx_hal.o
                0x0000000020000698                uwTickPrio
 .data.uwTickFreq
                0x000000002000069c        0x1 Drivers/STM32F1xx_HAL_Driver/Src/stm32f1xx_hal.o
                0x000000002000069c                uwTickFreq
 *fill*         0x000000002000069d        0x3 
 .data._ZN10__cxxabiv119__terminate_handlerE
                0x00000000200006a0        0x4 c:/st/stm32cubeide_1.3.0/stm32cubeide/plugins/com.st.stm32cube.ide.mcu.externaltools.gnu-tools-for-stm32.9-2020-q2-update.win32_1.5.0.202011040924/tools/bin/../lib/gcc/arm-none-eabi/9.3.1/../../../../arm-none-eabi/lib/thumb/v7-m/nofp\libstdc++_nano.a(eh_term_handler.o)
                0x00000000200006a0                __cxxabiv1::__terminate_handler
 .data._impure_ptr
                0x00000000200006a4        0x4 c:/st/stm32cubeide_1.3.0/stm32cubeide/plugins/com.st.stm32cube.ide.mcu.externaltools.gnu-tools-for-stm32.9-2020-q2-update.win32_1.5.0.202011040924/tools/bin/../lib/gcc/arm-none-eabi/9.3.1/../../../../arm-none-eabi/lib/thumb/v7-m/nofp\libc_nano.a(lib_a-impure.o)
                0x00000000200006a4                _impure_ptr
 .data.impure_data
                0x00000000200006a8       0x60 c:/st/stm32cubeide_1.3.0/stm32cubeide/plugins/com.st.stm32cube.ide.mcu.externaltools.gnu-tools-for-stm32.9-2020-q2-update.win32_1.5.0.202011040924/tools/bin/../lib/gcc/arm-none-eabi/9.3.1/../../../../arm-none-eabi/lib/thumb/v7-m/nofp\libc_nano.a(lib_a-impure.o)
 *(.RamFunc)
 *(.RamFunc*)
                0x0000000020000708                . = ALIGN (0x4)
                0x0000000020000708                _edata = .

.igot.plt       0x0000000020000708        0x0 load address 0x0000000008003cd8
 .igot.plt      0x0000000020000708        0x0 c:/st/stm32cubeide_1.3.0/stm32cubeide/plugins/com.st.stm32cube.ide.mcu.externaltools.gnu-tools-for-stm32.9-2020-q2-update.win32_1.5.0.202011040924/tools/bin/../lib/gcc/arm-none-eabi/9.3.1/thumb/v7-m/nofp/crtbegin.o
                0x0000000020000708                . = ALIGN (0x4)

.bss            0x0000000020000708       0xa0 load address 0x0000000008003cd8
                0x0000000020000708                _sbss = .
                0x0000000020000708                __bss_start__ = _sbss
 *(.bss)
 .bss           0x0000000020000708       0x1c c:/st/stm32cubeide_1.3.0/stm32cubeide/plugins/com.st.stm32cube.ide.mcu.externaltools.gnu-tools-for-stm32.9-2020-q2-update.win32_1.5.0.202011040924/tools/bin/../lib/gcc/arm-none-eabi/9.3.1/thumb/v7-m/nofp/crtbegin.o
 *(.bss*)
 .bss.Buffer_CMD
                0x0000000020000724        0x2 Core/Src/Adafruit_SSD1306.o
                0x0000000020000724                Buffer_CMD
 *fill*         0x0000000020000726        0x2 
 .bss.display   0x0000000020000728       0x20 Core/Src/main.o
                0x0000000020000728                display
 .bss._ZZ4mainE5count
                0x0000000020000748        0x4 Core/Src/main.o
 *(COMMON)
 COMMON         0x000000002000074c       0x54 Core/Src/i2c.o
                0x000000002000074c                hi2c1
 COMMON         0x00000000200007a0        0x4 Drivers/STM32F1xx_HAL_Driver/Src/stm32f1xx_hal.o
                0x00000000200007a0                uwTick
 COMMON         0x00000000200007a4        0x4 c:/st/stm32cubeide_1.3.0/stm32cubeide/plugins/com.st.stm32cube.ide.mcu.externaltools.gnu-tools-for-stm32.9-2020-q2-update.win32_1.5.0.202011040924/tools/bin/../lib/gcc/arm-none-eabi/9.3.1/../../../../arm-none-eabi/lib/thumb/v7-m/nofp\libc_nano.a(lib_a-reent.o)
                0x00000000200007a4                errno
                0x00000000200007a8                . = ALIGN (0x4)
                0x00000000200007a8                _ebss = .
                0x00000000200007a8                __bss_end__ = _ebss

._user_heap_stack
                0x00000000200007a8      0x600 load address 0x0000000008003cd8
                0x00000000200007a8                . = ALIGN (0x8)
                [!provide]                        PROVIDE (end = .)
                0x00000000200007a8                PROVIDE (_end = .)
                0x00000000200009a8                . = (. + _Min_Heap_Size)
 *fill*         0x00000000200007a8      0x200 
                0x0000000020000da8                . = (. + _Min_Stack_Size)
 *fill*         0x00000000200009a8      0x400 
                0x0000000020000da8                . = ALIGN (0x8)

/DISCARD/
 libc.a(*)
 libm.a(*)
 libgcc.a(*)

.ARM.attributes
                0x0000000000000000       0x29
 *(.ARM.attributes)
 .ARM.attributes
                0x0000000000000000       0x1d c:/st/stm32cubeide_1.3.0/stm32cubeide/plugins/com.st.stm32cube.ide.mcu.externaltools.gnu-tools-for-stm32.9-2020-q2-update.win32_1.5.0.202011040924/tools/bin/../lib/gcc/arm-none-eabi/9.3.1/thumb/v7-m/nofp/crti.o
 .ARM.attributes
                0x000000000000001d       0x2d c:/st/stm32cubeide_1.3.0/stm32cubeide/plugins/com.st.stm32cube.ide.mcu.externaltools.gnu-tools-for-stm32.9-2020-q2-update.win32_1.5.0.202011040924/tools/bin/../lib/gcc/arm-none-eabi/9.3.1/thumb/v7-m/nofp/crtbegin.o
 .ARM.attributes
                0x000000000000004a       0x2d Core/Src/Adafruit_GFX.o
 .ARM.attributes
                0x0000000000000077       0x2d Core/Src/Adafruit_SSD1306.o
 .ARM.attributes
                0x00000000000000a4       0x2d Core/Src/gpio.o
 .ARM.attributes
                0x00000000000000d1       0x2d Core/Src/i2c.o
 .ARM.attributes
                0x00000000000000fe       0x2d Core/Src/main.o
 .ARM.attributes
                0x000000000000012b       0x2d Core/Src/stm32f1xx_hal_msp.o
 .ARM.attributes
                0x0000000000000158       0x2d Core/Src/stm32f1xx_it.o
 .ARM.attributes
                0x0000000000000185       0x2d Core/Src/syscalls.o
 .ARM.attributes
                0x00000000000001b2       0x2d Core/Src/system_stm32f1xx.o
 .ARM.attributes
                0x00000000000001df       0x21 Core/Startup/startup_stm32f103c8tx.o
 .ARM.attributes
                0x0000000000000200       0x2d Drivers/STM32F1xx_HAL_Driver/Src/stm32f1xx_hal.o
 .ARM.attributes
                0x000000000000022d       0x2d Drivers/STM32F1xx_HAL_Driver/Src/stm32f1xx_hal_cortex.o
 .ARM.attributes
                0x000000000000025a       0x2d Drivers/STM32F1xx_HAL_Driver/Src/stm32f1xx_hal_gpio.o
 .ARM.attributes
                0x0000000000000287       0x2d Drivers/STM32F1xx_HAL_Driver/Src/stm32f1xx_hal_i2c.o
 .ARM.attributes
                0x00000000000002b4       0x2d Drivers/STM32F1xx_HAL_Driver/Src/stm32f1xx_hal_rcc.o
 .ARM.attributes
                0x00000000000002e1       0x2d c:/st/stm32cubeide_1.3.0/stm32cubeide/plugins/com.st.stm32cube.ide.mcu.externaltools.gnu-tools-for-stm32.9-2020-q2-update.win32_1.5.0.202011040924/tools/bin/../lib/gcc/arm-none-eabi/9.3.1/../../../../arm-none-eabi/lib/thumb/v7-m/nofp\libstdc++_nano.a(pure.o)
 .ARM.attributes
                0x000000000000030e       0x2d c:/st/stm32cubeide_1.3.0/stm32cubeide/plugins/com.st.stm32cube.ide.mcu.externaltools.gnu-tools-for-stm32.9-2020-q2-update.win32_1.5.0.202011040924/tools/bin/../lib/gcc/arm-none-eabi/9.3.1/../../../../arm-none-eabi/lib/thumb/v7-m/nofp\libstdc++_nano.a(eh_terminate.o)
 .ARM.attributes
                0x000000000000033b       0x2d c:/st/stm32cubeide_1.3.0/stm32cubeide/plugins/com.st.stm32cube.ide.mcu.externaltools.gnu-tools-for-stm32.9-2020-q2-update.win32_1.5.0.202011040924/tools/bin/../lib/gcc/arm-none-eabi/9.3.1/../../../../arm-none-eabi/lib/thumb/v7-m/nofp\libstdc++_nano.a(eh_term_handler.o)
 .ARM.attributes
                0x0000000000000368       0x2d c:/st/stm32cubeide_1.3.0/stm32cubeide/plugins/com.st.stm32cube.ide.mcu.externaltools.gnu-tools-for-stm32.9-2020-q2-update.win32_1.5.0.202011040924/tools/bin/../lib/gcc/arm-none-eabi/9.3.1/../../../../arm-none-eabi/lib/thumb/v7-m/nofp\libc_nano.a(lib_a-abort.o)
 .ARM.attributes
                0x0000000000000395       0x2d c:/st/stm32cubeide_1.3.0/stm32cubeide/plugins/com.st.stm32cube.ide.mcu.externaltools.gnu-tools-for-stm32.9-2020-q2-update.win32_1.5.0.202011040924/tools/bin/../lib/gcc/arm-none-eabi/9.3.1/../../../../arm-none-eabi/lib/thumb/v7-m/nofp\libc_nano.a(lib_a-errno.o)
 .ARM.attributes
                0x00000000000003c2       0x2d c:/st/stm32cubeide_1.3.0/stm32cubeide/plugins/com.st.stm32cube.ide.mcu.externaltools.gnu-tools-for-stm32.9-2020-q2-update.win32_1.5.0.202011040924/tools/bin/../lib/gcc/arm-none-eabi/9.3.1/../../../../arm-none-eabi/lib/thumb/v7-m/nofp\libc_nano.a(lib_a-impure.o)
 .ARM.attributes
                0x00000000000003ef       0x2d c:/st/stm32cubeide_1.3.0/stm32cubeide/plugins/com.st.stm32cube.ide.mcu.externaltools.gnu-tools-for-stm32.9-2020-q2-update.win32_1.5.0.202011040924/tools/bin/../lib/gcc/arm-none-eabi/9.3.1/../../../../arm-none-eabi/lib/thumb/v7-m/nofp\libc_nano.a(lib_a-init.o)
 .ARM.attributes
                0x000000000000041c       0x2d c:/st/stm32cubeide_1.3.0/stm32cubeide/plugins/com.st.stm32cube.ide.mcu.externaltools.gnu-tools-for-stm32.9-2020-q2-update.win32_1.5.0.202011040924/tools/bin/../lib/gcc/arm-none-eabi/9.3.1/../../../../arm-none-eabi/lib/thumb/v7-m/nofp\libc_nano.a(lib_a-memset.o)
 .ARM.attributes
                0x0000000000000449       0x2d c:/st/stm32cubeide_1.3.0/stm32cubeide/plugins/com.st.stm32cube.ide.mcu.externaltools.gnu-tools-for-stm32.9-2020-q2-update.win32_1.5.0.202011040924/tools/bin/../lib/gcc/arm-none-eabi/9.3.1/../../../../arm-none-eabi/lib/thumb/v7-m/nofp\libc_nano.a(lib_a-signal.o)
 .ARM.attributes
                0x0000000000000476       0x2d c:/st/stm32cubeide_1.3.0/stm32cubeide/plugins/com.st.stm32cube.ide.mcu.externaltools.gnu-tools-for-stm32.9-2020-q2-update.win32_1.5.0.202011040924/tools/bin/../lib/gcc/arm-none-eabi/9.3.1/../../../../arm-none-eabi/lib/thumb/v7-m/nofp\libc_nano.a(lib_a-signalr.o)
 .ARM.attributes
                0x00000000000004a3       0x2d c:/st/stm32cubeide_1.3.0/stm32cubeide/plugins/com.st.stm32cube.ide.mcu.externaltools.gnu-tools-for-stm32.9-2020-q2-update.win32_1.5.0.202011040924/tools/bin/../lib/gcc/arm-none-eabi/9.3.1/../../../../arm-none-eabi/lib/thumb/v7-m/nofp\libc_nano.a(lib_a-reent.o)
 .ARM.attributes
                0x00000000000004d0       0x1d c:/st/stm32cubeide_1.3.0/stm32cubeide/plugins/com.st.stm32cube.ide.mcu.externaltools.gnu-tools-for-stm32.9-2020-q2-update.win32_1.5.0.202011040924/tools/bin/../lib/gcc/arm-none-eabi/9.3.1/thumb/v7-m/nofp/crtn.o
OUTPUT(oled_1106_test.elf elf32-littlearm)
LOAD linker stubs
LOAD c:/st/stm32cubeide_1.3.0/stm32cubeide/plugins/com.st.stm32cube.ide.mcu.externaltools.gnu-tools-for-stm32.9-2020-q2-update.win32_1.5.0.202011040924/tools/bin/../lib/gcc/arm-none-eabi/9.3.1/../../../../arm-none-eabi/lib/thumb/v7-m/nofp\libc.a
LOAD c:/st/stm32cubeide_1.3.0/stm32cubeide/plugins/com.st.stm32cube.ide.mcu.externaltools.gnu-tools-for-stm32.9-2020-q2-update.win32_1.5.0.202011040924/tools/bin/../lib/gcc/arm-none-eabi/9.3.1/../../../../arm-none-eabi/lib/thumb/v7-m/nofp\libm.a
LOAD c:/st/stm32cubeide_1.3.0/stm32cubeide/plugins/com.st.stm32cube.ide.mcu.externaltools.gnu-tools-for-stm32.9-2020-q2-update.win32_1.5.0.202011040924/tools/bin/../lib/gcc/arm-none-eabi/9.3.1/thumb/v7-m/nofp\libgcc.a

.debug_info     0x0000000000000000     0xf545
 .debug_info    0x0000000000000000     0x2762 Core/Src/Adafruit_GFX.o
 .debug_info    0x0000000000002762     0x282c Core/Src/Adafruit_SSD1306.o
 .debug_info    0x0000000000004f8e      0x38f Core/Src/gpio.o
 .debug_info    0x000000000000531d      0x8ca Core/Src/i2c.o
 .debug_info    0x0000000000005be7     0x376f Core/Src/main.o
 .debug_info    0x0000000000009356      0x2fc Core/Src/stm32f1xx_hal_msp.o
 .debug_info    0x0000000000009652      0x222 Core/Src/stm32f1xx_it.o
 .debug_info    0x0000000000009874      0xfa8 Core/Src/syscalls.o
 .debug_info    0x000000000000a81c      0x2be Core/Src/system_stm32f1xx.o
 .debug_info    0x000000000000aada       0x22 Core/Startup/startup_stm32f103c8tx.o
 .debug_info    0x000000000000aafc      0x76a Drivers/STM32F1xx_HAL_Driver/Src/stm32f1xx_hal.o
 .debug_info    0x000000000000b266      0xbdc Drivers/STM32F1xx_HAL_Driver/Src/stm32f1xx_hal_cortex.o
 .debug_info    0x000000000000be42      0x701 Drivers/STM32F1xx_HAL_Driver/Src/stm32f1xx_hal_gpio.o
 .debug_info    0x000000000000c543     0x2774 Drivers/STM32F1xx_HAL_Driver/Src/stm32f1xx_hal_i2c.o
 .debug_info    0x000000000000ecb7      0x88e Drivers/STM32F1xx_HAL_Driver/Src/stm32f1xx_hal_rcc.o

.debug_abbrev   0x0000000000000000     0x237d
 .debug_abbrev  0x0000000000000000      0x4c2 Core/Src/Adafruit_GFX.o
 .debug_abbrev  0x00000000000004c2      0x5d1 Core/Src/Adafruit_SSD1306.o
 .debug_abbrev  0x0000000000000a93      0x14e Core/Src/gpio.o
 .debug_abbrev  0x0000000000000be1      0x1bb Core/Src/i2c.o
 .debug_abbrev  0x0000000000000d9c      0x429 Core/Src/main.o
 .debug_abbrev  0x00000000000011c5      0x11d Core/Src/stm32f1xx_hal_msp.o
 .debug_abbrev  0x00000000000012e2       0xd2 Core/Src/stm32f1xx_it.o
 .debug_abbrev  0x00000000000013b4      0x286 Core/Src/syscalls.o
 .debug_abbrev  0x000000000000163a      0x14e Core/Src/system_stm32f1xx.o
 .debug_abbrev  0x0000000000001788       0x12 Core/Startup/startup_stm32f103c8tx.o
 .debug_abbrev  0x000000000000179a      0x1ed Drivers/STM32F1xx_HAL_Driver/Src/stm32f1xx_hal.o
 .debug_abbrev  0x0000000000001987      0x313 Drivers/STM32F1xx_HAL_Driver/Src/stm32f1xx_hal_cortex.o
 .debug_abbrev  0x0000000000001c9a      0x1e8 Drivers/STM32F1xx_HAL_Driver/Src/stm32f1xx_hal_gpio.o
 .debug_abbrev  0x0000000000001e82      0x288 Drivers/STM32F1xx_HAL_Driver/Src/stm32f1xx_hal_i2c.o
 .debug_abbrev  0x000000000000210a      0x273 Drivers/STM32F1xx_HAL_Driver/Src/stm32f1xx_hal_rcc.o

.debug_aranges  0x0000000000000000      0x940
 .debug_aranges
                0x0000000000000000      0x100 Core/Src/Adafruit_GFX.o
 .debug_aranges
                0x0000000000000100       0xd0 Core/Src/Adafruit_SSD1306.o
 .debug_aranges
                0x00000000000001d0       0x20 Core/Src/gpio.o
 .debug_aranges
                0x00000000000001f0       0x30 Core/Src/i2c.o
 .debug_aranges
                0x0000000000000220       0x40 Core/Src/main.o
 .debug_aranges
                0x0000000000000260       0x20 Core/Src/stm32f1xx_hal_msp.o
 .debug_aranges
                0x0000000000000280       0x60 Core/Src/stm32f1xx_it.o
 .debug_aranges
                0x00000000000002e0       0xa8 Core/Src/syscalls.o
 .debug_aranges
                0x0000000000000388       0x28 Core/Src/system_stm32f1xx.o
 .debug_aranges
                0x00000000000003b0       0x28 Core/Startup/startup_stm32f103c8tx.o
 .debug_aranges
                0x00000000000003d8       0xe0 Drivers/STM32F1xx_HAL_Driver/Src/stm32f1xx_hal.o
 .debug_aranges
                0x00000000000004b8      0x100 Drivers/STM32F1xx_HAL_Driver/Src/stm32f1xx_hal_cortex.o
 .debug_aranges
                0x00000000000005b8       0x58 Drivers/STM32F1xx_HAL_Driver/Src/stm32f1xx_hal_gpio.o
 .debug_aranges
                0x0000000000000610      0x2a0 Drivers/STM32F1xx_HAL_Driver/Src/stm32f1xx_hal_i2c.o
 .debug_aranges
                0x00000000000008b0       0x90 Drivers/STM32F1xx_HAL_Driver/Src/stm32f1xx_hal_rcc.o

.debug_ranges   0x0000000000000000      0x910
 .debug_ranges  0x0000000000000000       0xf0 Core/Src/Adafruit_GFX.o
 .debug_ranges  0x00000000000000f0      0x150 Core/Src/Adafruit_SSD1306.o
 .debug_ranges  0x0000000000000240       0x10 Core/Src/gpio.o
 .debug_ranges  0x0000000000000250       0x20 Core/Src/i2c.o
 .debug_ranges  0x0000000000000270       0x30 Core/Src/main.o
 .debug_ranges  0x00000000000002a0       0x10 Core/Src/stm32f1xx_hal_msp.o
 .debug_ranges  0x00000000000002b0       0x50 Core/Src/stm32f1xx_it.o
 .debug_ranges  0x0000000000000300       0x98 Core/Src/syscalls.o
 .debug_ranges  0x0000000000000398       0x18 Core/Src/system_stm32f1xx.o
 .debug_ranges  0x00000000000003b0       0x20 Core/Startup/startup_stm32f103c8tx.o
 .debug_ranges  0x00000000000003d0       0xd0 Drivers/STM32F1xx_HAL_Driver/Src/stm32f1xx_hal.o
 .debug_ranges  0x00000000000004a0       0xf0 Drivers/STM32F1xx_HAL_Driver/Src/stm32f1xx_hal_cortex.o
 .debug_ranges  0x0000000000000590       0x48 Drivers/STM32F1xx_HAL_Driver/Src/stm32f1xx_hal_gpio.o
 .debug_ranges  0x00000000000005d8      0x2b8 Drivers/STM32F1xx_HAL_Driver/Src/stm32f1xx_hal_i2c.o
 .debug_ranges  0x0000000000000890       0x80 Drivers/STM32F1xx_HAL_Driver/Src/stm32f1xx_hal_rcc.o

.debug_macro    0x0000000000000000    0x1b07f
 .debug_macro   0x0000000000000000      0x2c9 Core/Src/Adafruit_GFX.o
 .debug_macro   0x00000000000002c9      0xb74 Core/Src/Adafruit_GFX.o
 .debug_macro   0x0000000000000e3d      0x215 Core/Src/Adafruit_GFX.o
 .debug_macro   0x0000000000001052       0x2e Core/Src/Adafruit_GFX.o
 .debug_macro   0x0000000000001080       0x22 Core/Src/Adafruit_GFX.o
 .debug_macro   0x00000000000010a2       0x1c Core/Src/Adafruit_GFX.o
 .debug_macro   0x00000000000010be       0x22 Core/Src/Adafruit_GFX.o
 .debug_macro   0x00000000000010e0       0x8e Core/Src/Adafruit_GFX.o
 .debug_macro   0x000000000000116e       0x51 Core/Src/Adafruit_GFX.o
 .debug_macro   0x00000000000011bf      0x103 Core/Src/Adafruit_GFX.o
 .debug_macro   0x00000000000012c2       0x6a Core/Src/Adafruit_GFX.o
 .debug_macro   0x000000000000132c      0x1df Core/Src/Adafruit_GFX.o
 .debug_macro   0x000000000000150b       0x1c Core/Src/Adafruit_GFX.o
 .debug_macro   0x0000000000001527       0x22 Core/Src/Adafruit_GFX.o
 .debug_macro   0x0000000000001549       0xc3 Core/Src/Adafruit_GFX.o
 .debug_macro   0x000000000000160c      0xd23 Core/Src/Adafruit_GFX.o
 .debug_macro   0x000000000000232f     0xe097 Core/Src/Adafruit_GFX.o
 .debug_macro   0x00000000000103c6       0x43 Core/Src/Adafruit_GFX.o
 .debug_macro   0x0000000000010409     0x3468 Core/Src/Adafruit_GFX.o
 .debug_macro   0x0000000000013871      0x17b Core/Src/Adafruit_GFX.o
 .debug_macro   0x00000000000139ec       0x5c Core/Src/Adafruit_GFX.o
 .debug_macro   0x0000000000013a48      0x5be Core/Src/Adafruit_GFX.o
 .debug_macro   0x0000000000014006      0x289 Core/Src/Adafruit_GFX.o
 .debug_macro   0x000000000001428f      0x1cb Core/Src/Adafruit_GFX.o
 .debug_macro   0x000000000001445a      0x114 Core/Src/Adafruit_GFX.o
 .debug_macro   0x000000000001456e      0x1b2 Core/Src/Adafruit_GFX.o
 .debug_macro   0x0000000000014720       0x27 Core/Src/Adafruit_GFX.o
 .debug_macro   0x0000000000014747      0x136 Core/Src/Adafruit_GFX.o
 .debug_macro   0x000000000001487d      0x1bc Core/Src/Adafruit_GFX.o
 .debug_macro   0x0000000000014a39       0x34 Core/Src/Adafruit_GFX.o
 .debug_macro   0x0000000000014a6d       0x3c Core/Src/Adafruit_GFX.o
 .debug_macro   0x0000000000014aa9       0x57 Core/Src/Adafruit_GFX.o
 .debug_macro   0x0000000000014b00       0x88 Core/Src/Adafruit_GFX.o
 .debug_macro   0x0000000000014b88      0x241 Core/Src/Adafruit_GFX.o
 .debug_macro   0x0000000000014dc9      0x287 Core/Src/Adafruit_GFX.o
 .debug_macro   0x0000000000015050      0x141 Core/Src/Adafruit_GFX.o
 .debug_macro   0x0000000000015191       0x83 Core/Src/Adafruit_GFX.o
 .debug_macro   0x0000000000015214      0x17c Core/Src/Adafruit_GFX.o
 .debug_macro   0x0000000000015390       0x10 Core/Src/Adafruit_GFX.o
 .debug_macro   0x00000000000153a0      0x41e Core/Src/Adafruit_GFX.o
 .debug_macro   0x00000000000157be       0x10 Core/Src/Adafruit_GFX.o
 .debug_macro   0x00000000000157ce       0x18 Core/Src/Adafruit_GFX.o
 .debug_macro   0x00000000000157e6       0x52 Core/Src/Adafruit_GFX.o
 .debug_macro   0x0000000000015838       0x3c Core/Src/Adafruit_GFX.o
 .debug_macro   0x0000000000015874       0x34 Core/Src/Adafruit_GFX.o
 .debug_macro   0x00000000000158a8       0x16 Core/Src/Adafruit_GFX.o
 .debug_macro   0x00000000000158be       0x35 Core/Src/Adafruit_GFX.o
 .debug_macro   0x00000000000158f3       0x16 Core/Src/Adafruit_GFX.o
 .debug_macro   0x0000000000015909       0x43 Core/Src/Adafruit_GFX.o
 .debug_macro   0x000000000001594c       0x34 Core/Src/Adafruit_GFX.o
 .debug_macro   0x0000000000015980       0x10 Core/Src/Adafruit_GFX.o
 .debug_macro   0x0000000000015990       0x58 Core/Src/Adafruit_GFX.o
 .debug_macro   0x00000000000159e8       0x71 Core/Src/Adafruit_GFX.o
 .debug_macro   0x0000000000015a59       0x16 Core/Src/Adafruit_GFX.o
 .debug_macro   0x0000000000015a6f      0x12a Core/Src/Adafruit_GFX.o
 .debug_macro   0x0000000000015b99      0x356 Core/Src/Adafruit_GFX.o
 .debug_macro   0x0000000000015eef       0x16 Core/Src/Adafruit_GFX.o
 .debug_macro   0x0000000000015f05       0x29 Core/Src/Adafruit_GFX.o
 .debug_macro   0x0000000000015f2e       0x1c Core/Src/Adafruit_GFX.o
 .debug_macro   0x0000000000015f4a       0xde Core/Src/Adafruit_GFX.o
 .debug_macro   0x0000000000016028      0x327 Core/Src/Adafruit_SSD1306.o
 .debug_macro   0x000000000001634f       0x4c Core/Src/Adafruit_SSD1306.o
 .debug_macro   0x000000000001639b       0x94 Core/Src/Adafruit_SSD1306.o
 .debug_macro   0x000000000001642f      0x10e Core/Src/Adafruit_SSD1306.o
 .debug_macro   0x000000000001653d       0x94 Core/Src/Adafruit_SSD1306.o
 .debug_macro   0x00000000000165d1       0x57 Core/Src/Adafruit_SSD1306.o
 .debug_macro   0x0000000000016628      0x35c Core/Src/Adafruit_SSD1306.o
 .debug_macro   0x0000000000016984       0x16 Core/Src/Adafruit_SSD1306.o
 .debug_macro   0x000000000001699a       0x20 Core/Src/Adafruit_SSD1306.o
 .debug_macro   0x00000000000169ba       0xbd Core/Src/Adafruit_SSD1306.o
 .debug_macro   0x0000000000016a77       0x56 Core/Src/Adafruit_SSD1306.o
 .debug_macro   0x0000000000016acd       0x3a Core/Src/Adafruit_SSD1306.o
 .debug_macro   0x0000000000016b07       0xfc Core/Src/Adafruit_SSD1306.o
 .debug_macro   0x0000000000016c03      0x1a7 Core/Src/gpio.o
 .debug_macro   0x0000000000016daa      0xa9c Core/Src/gpio.o
 .debug_macro   0x0000000000017846      0xd23 Core/Src/gpio.o
 .debug_macro   0x0000000000018569      0x174 Core/Src/gpio.o
 .debug_macro   0x00000000000186dd       0x34 Core/Src/gpio.o
 .debug_macro   0x0000000000018711      0x1a7 Core/Src/i2c.o
 .debug_macro   0x00000000000188b8      0x355 Core/Src/main.o
 .debug_macro   0x0000000000018c0d       0x10 Core/Src/main.o
 .debug_macro   0x0000000000018c1d       0x18 Core/Src/main.o
 .debug_macro   0x0000000000018c35      0x1a2 Core/Src/main.o
 .debug_macro   0x0000000000018dd7       0x10 Core/Src/main.o
 .debug_macro   0x0000000000018de7       0x10 Core/Src/main.o
 .debug_macro   0x0000000000018df7      0x3c7 Core/Src/main.o
 .debug_macro   0x00000000000191be       0xf0 Core/Src/main.o
 .debug_macro   0x00000000000192ae      0x19d Core/Src/stm32f1xx_hal_msp.o
 .debug_macro   0x000000000001944b      0x1a7 Core/Src/stm32f1xx_it.o
 .debug_macro   0x00000000000195f2      0x24c Core/Src/syscalls.o
 .debug_macro   0x000000000001983e       0x34 Core/Src/syscalls.o
 .debug_macro   0x0000000000019872      0x339 Core/Src/syscalls.o
 .debug_macro   0x0000000000019bab       0x43 Core/Src/syscalls.o
 .debug_macro   0x0000000000019bee       0x1c Core/Src/syscalls.o
 .debug_macro   0x0000000000019c0a       0x10 Core/Src/syscalls.o
 .debug_macro   0x0000000000019c1a       0x35 Core/Src/syscalls.o
 .debug_macro   0x0000000000019c4f       0x10 Core/Src/syscalls.o
 .debug_macro   0x0000000000019c5f       0x10 Core/Src/syscalls.o
 .debug_macro   0x0000000000019c6f       0x10 Core/Src/syscalls.o
 .debug_macro   0x0000000000019c7f       0x1c Core/Src/syscalls.o
 .debug_macro   0x0000000000019c9b       0x52 Core/Src/syscalls.o
 .debug_macro   0x0000000000019ced       0x22 Core/Src/syscalls.o
 .debug_macro   0x0000000000019d0f       0x10 Core/Src/syscalls.o
 .debug_macro   0x0000000000019d1f       0x40 Core/Src/syscalls.o
 .debug_macro   0x0000000000019d5f       0xd5 Core/Src/syscalls.o
 .debug_macro   0x0000000000019e34       0x1c Core/Src/syscalls.o
 .debug_macro   0x0000000000019e50       0x3d Core/Src/syscalls.o
 .debug_macro   0x0000000000019e8d       0x35 Core/Src/syscalls.o
 .debug_macro   0x0000000000019ec2      0x12c Core/Src/syscalls.o
 .debug_macro   0x0000000000019fee       0x10 Core/Src/syscalls.o
 .debug_macro   0x0000000000019ffe      0x241 Core/Src/syscalls.o
 .debug_macro   0x000000000001a23f       0x1c Core/Src/syscalls.o
 .debug_macro   0x000000000001a25b       0x10 Core/Src/syscalls.o
 .debug_macro   0x000000000001a26b       0x10 Core/Src/syscalls.o
 .debug_macro   0x000000000001a27b       0x16 Core/Src/syscalls.o
 .debug_macro   0x000000000001a291      0x145 Core/Src/syscalls.o
 .debug_macro   0x000000000001a3d6      0x189 Core/Src/syscalls.o
 .debug_macro   0x000000000001a55f       0x16 Core/Src/syscalls.o
 .debug_macro   0x000000000001a575       0xce Core/Src/syscalls.o
 .debug_macro   0x000000000001a643      0x18e Core/Src/system_stm32f1xx.o
 .debug_macro   0x000000000001a7d1      0x1b2 Drivers/STM32F1xx_HAL_Driver/Src/stm32f1xx_hal.o
 .debug_macro   0x000000000001a983      0x18e Drivers/STM32F1xx_HAL_Driver/Src/stm32f1xx_hal_cortex.o
 .debug_macro   0x000000000001ab11      0x1f9 Drivers/STM32F1xx_HAL_Driver/Src/stm32f1xx_hal_gpio.o
 .debug_macro   0x000000000001ad0a      0x1d5 Drivers/STM32F1xx_HAL_Driver/Src/stm32f1xx_hal_i2c.o
 .debug_macro   0x000000000001aedf      0x1a0 Drivers/STM32F1xx_HAL_Driver/Src/stm32f1xx_hal_rcc.o

.debug_line     0x0000000000000000     0xc315
 .debug_line    0x0000000000000000     0x14e7 Core/Src/Adafruit_GFX.o
 .debug_line    0x00000000000014e7     0x1489 Core/Src/Adafruit_SSD1306.o
 .debug_line    0x0000000000002970      0x659 Core/Src/gpio.o
 .debug_line    0x0000000000002fc9      0x6b0 Core/Src/i2c.o
 .debug_line    0x0000000000003679      0xc97 Core/Src/main.o
 .debug_line    0x0000000000004310      0x64c Core/Src/stm32f1xx_hal_msp.o
 .debug_line    0x000000000000495c      0x70d Core/Src/stm32f1xx_it.o
 .debug_line    0x0000000000005069      0x802 Core/Src/syscalls.o
 .debug_line    0x000000000000586b      0x6c9 Core/Src/system_stm32f1xx.o
 .debug_line    0x0000000000005f34       0x84 Core/Startup/startup_stm32f103c8tx.o
 .debug_line    0x0000000000005fb8      0x8f6 Drivers/STM32F1xx_HAL_Driver/Src/stm32f1xx_hal.o
 .debug_line    0x00000000000068ae      0xade Drivers/STM32F1xx_HAL_Driver/Src/stm32f1xx_hal_cortex.o
 .debug_line    0x000000000000738c      0x98d Drivers/STM32F1xx_HAL_Driver/Src/stm32f1xx_hal_gpio.o
 .debug_line    0x0000000000007d19     0x38f8 Drivers/STM32F1xx_HAL_Driver/Src/stm32f1xx_hal_i2c.o
 .debug_line    0x000000000000b611      0xd04 Drivers/STM32F1xx_HAL_Driver/Src/stm32f1xx_hal_rcc.o

.debug_str      0x0000000000000000    0x87e92
 .debug_str     0x0000000000000000    0x81400 Core/Src/Adafruit_GFX.o
                                      0x8190a (size before relaxing)
 .debug_str     0x0000000000081400     0x110c Core/Src/Adafruit_SSD1306.o
                                      0x82522 (size before relaxing)
 .debug_str     0x000000000008250c      0x239 Core/Src/gpio.o
                                      0x7c1a5 (size before relaxing)
 .debug_str     0x0000000000082745       0x4b Core/Src/i2c.o
                                      0x7c630 (size before relaxing)
 .debug_str     0x0000000000082790     0x162d Core/Src/main.o
                                      0x833f5 (size before relaxing)
 .debug_str     0x0000000000083dbd       0x5a Core/Src/stm32f1xx_hal_msp.o
                                      0x7c15b (size before relaxing)
 .debug_str     0x0000000000083e17       0xbd Core/Src/stm32f1xx_it.o
                                      0x7c178 (size before relaxing)
 .debug_str     0x0000000000083ed4     0x264e Core/Src/syscalls.o
                                       0x8e81 (size before relaxing)
 .debug_str     0x0000000000086522       0x52 Core/Src/system_stm32f1xx.o
                                      0x7c0a9 (size before relaxing)
 .debug_str     0x0000000000086574       0x36 Core/Startup/startup_stm32f103c8tx.o
                                         0x68 (size before relaxing)
 .debug_str     0x00000000000865aa      0x551 Drivers/STM32F1xx_HAL_Driver/Src/stm32f1xx_hal.o
                                      0x7c73a (size before relaxing)
 .debug_str     0x0000000000086afb      0x2f7 Drivers/STM32F1xx_HAL_Driver/Src/stm32f1xx_hal_cortex.o
                                      0x7c742 (size before relaxing)
 .debug_str     0x0000000000086df2      0x316 Drivers/STM32F1xx_HAL_Driver/Src/stm32f1xx_hal_gpio.o
                                      0x7c46d (size before relaxing)
 .debug_str     0x0000000000087108      0xb46 Drivers/STM32F1xx_HAL_Driver/Src/stm32f1xx_hal_i2c.o
                                      0x7d0e5 (size before relaxing)
 .debug_str     0x0000000000087c4e      0x244 Drivers/STM32F1xx_HAL_Driver/Src/stm32f1xx_hal_rcc.o
                                      0x7c4a6 (size before relaxing)

.comment        0x0000000000000000       0x53
 .comment       0x0000000000000000       0x53 Core/Src/Adafruit_GFX.o
                                         0x54 (size before relaxing)
 .comment       0x0000000000000053       0x54 Core/Src/Adafruit_SSD1306.o
 .comment       0x0000000000000053       0x54 Core/Src/gpio.o
 .comment       0x0000000000000053       0x54 Core/Src/i2c.o
 .comment       0x0000000000000053       0x54 Core/Src/main.o
 .comment       0x0000000000000053       0x54 Core/Src/stm32f1xx_hal_msp.o
 .comment       0x0000000000000053       0x54 Core/Src/stm32f1xx_it.o
 .comment       0x0000000000000053       0x54 Core/Src/syscalls.o
 .comment       0x0000000000000053       0x54 Core/Src/system_stm32f1xx.o
 .comment       0x0000000000000053       0x54 Drivers/STM32F1xx_HAL_Driver/Src/stm32f1xx_hal.o
 .comment       0x0000000000000053       0x54 Drivers/STM32F1xx_HAL_Driver/Src/stm32f1xx_hal_cortex.o
 .comment       0x0000000000000053       0x54 Drivers/STM32F1xx_HAL_Driver/Src/stm32f1xx_hal_gpio.o
 .comment       0x0000000000000053       0x54 Drivers/STM32F1xx_HAL_Driver/Src/stm32f1xx_hal_i2c.o
 .comment       0x0000000000000053       0x54 Drivers/STM32F1xx_HAL_Driver/Src/stm32f1xx_hal_rcc.o

.debug_frame    0x0000000000000000     0x27b0
 .debug_frame   0x0000000000000000      0x4a0 Core/Src/Adafruit_GFX.o
 .debug_frame   0x00000000000004a0      0x37c Core/Src/Adafruit_SSD1306.o
 .debug_frame   0x000000000000081c       0x34 Core/Src/gpio.o
 .debug_frame   0x0000000000000850       0x74 Core/Src/i2c.o
 .debug_frame   0x00000000000008c4       0xac Core/Src/main.o
 .debug_frame   0x0000000000000970       0x38 Core/Src/stm32f1xx_hal_msp.o
 .debug_frame   0x00000000000009a8      0x104 Core/Src/stm32f1xx_it.o
 .debug_frame   0x0000000000000aac      0x2ac Core/Src/syscalls.o
 .debug_frame   0x0000000000000d58       0x58 Core/Src/system_stm32f1xx.o
 .debug_frame   0x0000000000000db0      0x334 Drivers/STM32F1xx_HAL_Driver/Src/stm32f1xx_hal.o
 .debug_frame   0x00000000000010e4      0x428 Drivers/STM32F1xx_HAL_Driver/Src/stm32f1xx_hal_cortex.o
 .debug_frame   0x000000000000150c      0x14c Drivers/STM32F1xx_HAL_Driver/Src/stm32f1xx_hal_gpio.o
 .debug_frame   0x0000000000001658      0xc54 Drivers/STM32F1xx_HAL_Driver/Src/stm32f1xx_hal_i2c.o
 .debug_frame   0x00000000000022ac      0x21c Drivers/STM32F1xx_HAL_Driver/Src/stm32f1xx_hal_rcc.o
 .debug_frame   0x00000000000024c8       0x40 c:/st/stm32cubeide_1.3.0/stm32cubeide/plugins/com.st.stm32cube.ide.mcu.externaltools.gnu-tools-for-stm32.9-2020-q2-update.win32_1.5.0.202011040924/tools/bin/../lib/gcc/arm-none-eabi/9.3.1/../../../../arm-none-eabi/lib/thumb/v7-m/nofp\libstdc++_nano.a(pure.o)
 .debug_frame   0x0000000000002508       0xb0 c:/st/stm32cubeide_1.3.0/stm32cubeide/plugins/com.st.stm32cube.ide.mcu.externaltools.gnu-tools-for-stm32.9-2020-q2-update.win32_1.5.0.202011040924/tools/bin/../lib/gcc/arm-none-eabi/9.3.1/../../../../arm-none-eabi/lib/thumb/v7-m/nofp\libstdc++_nano.a(eh_terminate.o)
 .debug_frame   0x00000000000025b8       0x28 c:/st/stm32cubeide_1.3.0/stm32cubeide/plugins/com.st.stm32cube.ide.mcu.externaltools.gnu-tools-for-stm32.9-2020-q2-update.win32_1.5.0.202011040924/tools/bin/../lib/gcc/arm-none-eabi/9.3.1/../../../../arm-none-eabi/lib/thumb/v7-m/nofp\libc_nano.a(lib_a-abort.o)
 .debug_frame   0x00000000000025e0       0x20 c:/st/stm32cubeide_1.3.0/stm32cubeide/plugins/com.st.stm32cube.ide.mcu.externaltools.gnu-tools-for-stm32.9-2020-q2-update.win32_1.5.0.202011040924/tools/bin/../lib/gcc/arm-none-eabi/9.3.1/../../../../arm-none-eabi/lib/thumb/v7-m/nofp\libc_nano.a(lib_a-errno.o)
 .debug_frame   0x0000000000002600       0x2c c:/st/stm32cubeide_1.3.0/stm32cubeide/plugins/com.st.stm32cube.ide.mcu.externaltools.gnu-tools-for-stm32.9-2020-q2-update.win32_1.5.0.202011040924/tools/bin/../lib/gcc/arm-none-eabi/9.3.1/../../../../arm-none-eabi/lib/thumb/v7-m/nofp\libc_nano.a(lib_a-init.o)
 .debug_frame   0x000000000000262c       0x20 c:/st/stm32cubeide_1.3.0/stm32cubeide/plugins/com.st.stm32cube.ide.mcu.externaltools.gnu-tools-for-stm32.9-2020-q2-update.win32_1.5.0.202011040924/tools/bin/../lib/gcc/arm-none-eabi/9.3.1/../../../../arm-none-eabi/lib/thumb/v7-m/nofp\libc_nano.a(lib_a-memset.o)
 .debug_frame   0x000000000000264c       0xcc c:/st/stm32cubeide_1.3.0/stm32cubeide/plugins/com.st.stm32cube.ide.mcu.externaltools.gnu-tools-for-stm32.9-2020-q2-update.win32_1.5.0.202011040924/tools/bin/../lib/gcc/arm-none-eabi/9.3.1/../../../../arm-none-eabi/lib/thumb/v7-m/nofp\libc_nano.a(lib_a-signal.o)
 .debug_frame   0x0000000000002718       0x3c c:/st/stm32cubeide_1.3.0/stm32cubeide/plugins/com.st.stm32cube.ide.mcu.externaltools.gnu-tools-for-stm32.9-2020-q2-update.win32_1.5.0.202011040924/tools/bin/../lib/gcc/arm-none-eabi/9.3.1/../../../../arm-none-eabi/lib/thumb/v7-m/nofp\libc_nano.a(lib_a-signalr.o)
 .debug_frame   0x0000000000002754       0x5c c:/st/stm32cubeide_1.3.0/stm32cubeide/plugins/com.st.stm32cube.ide.mcu.externaltools.gnu-tools-for-stm32.9-2020-q2-update.win32_1.5.0.202011040924/tools/bin/../lib/gcc/arm-none-eabi/9.3.1/../../../../arm-none-eabi/lib/thumb/v7-m/nofp\libc_nano.a(lib_a-reent.o)
